exports[`Select renders correctly 1`] = `
<div
  class="forTest rc-select rc-select-enabled">
  <div
    aria-autocomplete="list"
    aria-expanded="false"
    aria-haspopup="true"
    class="rc-select-selection
              rc-select-selection--single"
    role="combobox"
    tabindex="0">
    <div
      class="rc-select-selection__rendered">
      <div
        class="rc-select-selection-selected-value"
        style="display:block;opacity:1;"
        title="2">
        2
      </div>
      <div
        class="rc-select-search rc-select-search--inline"
        style="display:none;">
        <div
          class="rc-select-search__field__wrap">
          <input
            class="rc-select-search__field"
            value="" />
          <span
            class="rc-select-search__field__mirror" />
        </div>
      </div>
    </div>
    <span
      class="rc-select-arrow"
      style="user-select:none;-webkit-user-select:none;"
      unselectable="unselectable">
      <b />
    </span>
  </div>
</div>
`;
